app/api/admin/categories/route.ts(20,72): error TS2339: Property 'errors' does not exist on type 'ZodError<{ name: string; slug: string; description?: string | undefined; image?: string | undefined; parent?: string | undefined; }>'.
app/api/admin/products/[id]/route.ts(23,72): error TS2339: Property 'errors' does not exist on type 'ZodError<{ name?: string | undefined; slug?: string | undefined; description?: string | undefined; price?: number | undefined; compareAtPrice?: number | undefined; cost?: number | undefined; ... 8 more ...; featured?: boolean | undefined; }>'.
app/api/admin/products/route.ts(21,72): error TS2339: Property 'errors' does not exist on type 'ZodError<{ name: string; slug: string; description: string; price: number; trackQuantity: boolean; quantity: number; images: string[]; category: string; status: "active" | "draft" | "archived"; featured: boolean; ... 4 more ...; tags?: string[] | undefined; }>'.
app/api/auth/login/route.ts(17,72): error TS2339: Property 'errors' does not exist on type 'ZodError<{ email: string; password: string; }>'.
app/api/auth/register/route.ts(18,72): error TS2339: Property 'errors' does not exist on type 'ZodError<{ name: string; email: string; password: string; }>'.
app/api/auth/verify-otp/route.ts(18,72): error TS2339: Property 'errors' does not exist on type 'ZodError<{ email: string; otp: string; }>'.
app/api/orders/route.ts(25,72): error TS2339: Property 'errors' does not exist on type 'ZodError<{ shippingAddress: { fullName: string; addressLine1: string; city: string; state: string; postalCode: string; country: string; phone: string; addressLine2?: string | undefined; }; paymentMethod: string; notes?: string | undefined; }>'.
